// Jest Snapshot v1, https://goo.gl/fbAQLP

exports[`<Districts /> renders the <Districts /> 1`] = `
<div
  class="districts-container"
>
  <table>
    <thead>
      <tr
        class="table-headers"
      >
        <td />
        <td
          rowspan="2"
        >
          state
        </td>
        <td
          colspan="3"
        >
          districts
        </td>
      </tr>
      <tr
        class="district-numbers"
      >
        <td />
        <td>
          1
        </td>
        <td>
          2
        </td>
        <td>
          3
        </td>
      </tr>
    </thead>
    <tbody>
      <tr>
        <td
          class="district-state-name"
        >
          NE
        </td>
        <td
          class="district-votes rep-state"
        >
          <button
            id="NE-district"
          >
            2
          </button>
        </td>
        <td
          class="district-votes rep-state"
        >
          <button
            id="NE1-district"
          >
            1
          </button>
        </td>
        <td
          class="district-votes blank-state"
        >
          <button
            id="NE2-district"
          >
            1
          </button>
        </td>
        <td
          class="district-votes rep-state"
        >
          <button
            id="NE3-district"
          >
            1
          </button>
        </td>
      </tr>
      <tr>
        <td
          class="district-state-name"
        >
          ME
        </td>
        <td
          class="district-votes dem-state"
        >
          <button
            id="ME-district"
          >
            2
          </button>
        </td>
        <td
          class="district-votes dem-state"
        >
          <button
            id="ME1-district"
          >
            1
          </button>
        </td>
        <td
          class="district-votes blank-state"
        >
          <button
            id="ME2-district"
          >
            1
          </button>
        </td>
      </tr>
    </tbody>
  </table>
</div>
`;
