// Jest Snapshot v1, https://goo.gl/fbAQLP

exports[`<SVGDefs /> renders the <SVGDefs /> 1`] = `
<svg>
  <defs>
    <lineargradient
      id="Gradient-1"
      x1="40%"
      x2="10%"
      y1="40%"
      y2="10%"
    >
      <stop
        offset="10%"
        stop-color="#c9282d"
      />
      <stop
        offset="25%"
        stop-color="#97804a"
      />
      <stop
        offset="40%"
        stop-color="#c9282d"
      />
      <stop
        offset="60%"
        stop-color="#c9282d"
      />
    </lineargradient>
    <lineargradient
      id="Gradient-2"
      x1="40%"
      x2="22%"
      y1="40%"
      y2="10%"
    >
      <stop
        offset="15%"
        stop-color="#1375b6"
      />
      <stop
        offset="30%"
        stop-color="#97804a"
      />
      <stop
        offset="60%"
        stop-color="#1375b6"
      />
    </lineargradient>
    <lineargradient
      data-testid="nebraska-gradient"
      href="#Gradient-1"
      id="nebraska-style"
      spreadMethod="repeat"
    />
    <lineargradient
      href="#Gradient-2"
      id="maine-style"
      spreadMethod="repeat"
    />
  </defs>
</svg>
`;
